

================================================================
== Vivado HLS Report for 'poly1305_hw'
================================================================
* Date:           Mon Jul 31 18:35:54 2023

* Version:        2019.1 (Build 2552052 on Fri May 24 15:28:33 MDT 2019)
* Project:        poly1305
* Solution:       solution1
* Product family: virtex7
* Target device:  xc7vx485t-ffg1157-1


================================================================
== Performance Estimates
================================================================
+ Timing (ns): 
    * Summary: 
    +--------+-------+----------+------------+
    |  Clock | Target| Estimated| Uncertainty|
    +--------+-------+----------+------------+
    |ap_clk  |  10.00|     8.611|        1.25|
    +--------+-------+----------+------------+

+ Latency (clock cycles): 
    * Summary: 
    +-----+-----+-----+-----+---------+
    |  Latency  |  Interval | Pipeline|
    | min | max | min | max |   Type  |
    +-----+-----+-----+-----+---------+
    |    ?|    ?|    ?|    ?|   none  |
    +-----+-----+-----+-----+---------+

    + Detail: 
        * Instance: 
        N/A

        * Loop: 
        +---------------------+------+------+-----------+-----------+-----------+---------+----------+
        |                     |   Latency   | Iteration |  Initiation Interval  |   Trip  |          |
        |      Loop Name      |  min |  max |  Latency  |  achieved |   target  |  Count  | Pipelined|
        +---------------------+------+------+-----------+-----------+-----------+---------+----------+
        |- Loop 1             |     ?|     ?|          1|          -|          -|        ?|    no    |
        |- Loop 2             |     ?|     ?|          1|          -|          -|        ?|    no    |
        |- Loop 3             |    32|    32|          1|          -|          -|       32|    no    |
        |- Loop 4             |    32|    32|          2|          -|          -|       16|    no    |
        |- memset_acc         |    16|    16|          1|          -|          -|       17|    no    |
        |- Loop 6             |     ?|     ?|          ?|          -|          -|        ?|    no    |
        | + Loop 6.1          |    32|    32|          2|          -|          -|       16|    no    |
        | + Loop 6.2          |    34|    34|          2|          -|          -|       17|    no    |
        | + Loop 6.3          |    33|    33|          1|          -|          -|       33|    no    |
        | + Loop 6.4          |  1408|  1680|  88 ~ 105 |          -|          -|       16|    no    |
        |  ++ Loop 6.4.1      |    85|   102|   5 ~ 6   |          -|          -|       17|    no    |
        | + Loop 6.5          |    66|    66|          2|          -|          -|       33|    no    |
        | + Loop 6.6          |     2|    67|          2|          -|          -|  1 ~ 33 |    no    |
        | + Loop 6.7          |     ?|     ?|          2|          -|          -|        ?|    no    |
        | + Loop 6.8          |     2|    67|          2|          -|          -|  1 ~ 33 |    no    |
        | + Loop 6.9          |     ?|     ?|          ?|          -|          -|        ?|    no    |
        |  ++ Loop 6.9.1      |     0|    32|          1|          -|          -|  0 ~ 32 |    no    |
        |  ++ Loop 6.9.2      |    51|    68|   3 ~ 4   |          -|          -|       17|    no    |
        |  ++ Loop 6.9.3      |     0|    15|          1|          -|          -|  0 ~ 15 |    no    |
        |  ++ Loop 6.9.4      |     0|  2085| 105 ~ 139 |          -|          -|  0 ~ 15 |    no    |
        |   +++ Loop 6.9.4.1  |   102|   136|   6 ~ 8   |          -|          -|       17|    no    |
        |  ++ Loop 6.9.5      |    54|   252|   3 ~ 4   |          -|          -| 18 ~ 63 |    no    |
        |  ++ Loop 6.9.6      |    96|    96|          3|          -|          -|       32|    no    |
        |  ++ Loop 6.9.7      |     2|    67|          2|          -|          -|  1 ~ 33 |    no    |
        |  ++ Loop 6.9.8      |     ?|     ?|          2|          -|          -|        ?|    no    |
        | + Loop 6.10         |    34|    34|          2|          -|          -|       17|    no    |
        |- Loop 7             |     ?|     ?|          ?|          -|          -|        ?|    no    |
        | + Loop 7.1          |    32|    32|          2|          -|          -|       16|    no    |
        | + Loop 7.2          |    34|    34|          2|          -|          -|       17|    no    |
        | + Loop 7.3          |    33|    33|          1|          -|          -|       33|    no    |
        | + Loop 7.4          |  1408|  1680|  88 ~ 105 |          -|          -|       16|    no    |
        |  ++ Loop 7.4.1      |    85|   102|   5 ~ 6   |          -|          -|       17|    no    |
        | + Loop 7.5          |    66|    66|          2|          -|          -|       33|    no    |
        | + Loop 7.6          |     2|    67|          2|          -|          -|  1 ~ 33 |    no    |
        | + Loop 7.7          |     ?|     ?|          2|          -|          -|        ?|    no    |
        | + Loop 7.8          |     2|    67|          2|          -|          -|  1 ~ 33 |    no    |
        | + Loop 7.9          |     ?|     ?|          ?|          -|          -|        ?|    no    |
        |  ++ Loop 7.9.1      |     0|    32|          1|          -|          -|  0 ~ 32 |    no    |
        |  ++ Loop 7.9.2      |    51|    68|   3 ~ 4   |          -|          -|       17|    no    |
        |  ++ Loop 7.9.3      |     0|    15|          1|          -|          -|  0 ~ 15 |    no    |
        |  ++ Loop 7.9.4      |     0|  2085| 105 ~ 139 |          -|          -|  0 ~ 15 |    no    |
        |   +++ Loop 7.9.4.1  |   102|   136|   6 ~ 8   |          -|          -|       17|    no    |
        |  ++ Loop 7.9.5      |    54|   252|   3 ~ 4   |          -|          -| 18 ~ 63 |    no    |
        |  ++ Loop 7.9.6      |    96|    96|          3|          -|          -|       32|    no    |
        |  ++ Loop 7.9.7      |     2|    67|          2|          -|          -|  1 ~ 33 |    no    |
        |  ++ Loop 7.9.8      |     ?|     ?|          2|          -|          -|        ?|    no    |
        | + Loop 7.10         |    34|    34|          2|          -|          -|       17|    no    |
        |- Loop 8             |     0|    30|          2|          -|          -|  0 ~ 15 |    no    |
        |- Loop 9             |     ?|     ?|          1|          -|          -|        ?|    no    |
        |- Loop 10            |    34|    34|          2|          -|          -|       17|    no    |
        |- Loop 11            |    33|    33|          1|          -|          -|       33|    no    |
        |- Loop 12            |  1408|  1680|  88 ~ 105 |          -|          -|       16|    no    |
        | + Loop 12.1         |    85|   102|   5 ~ 6   |          -|          -|       17|    no    |
        |- Loop 13            |    66|    66|          2|          -|          -|       33|    no    |
        |- Loop 14            |     2|    67|          2|          -|          -|  1 ~ 33 |    no    |
        |- Loop 15            |     ?|     ?|          ?|          -|          -|        ?|    no    |
        | + Loop 15.1         |     0|    32|          1|          -|          -|  0 ~ 32 |    no    |
        | + Loop 15.2         |    51|    68|   3 ~ 4   |          -|          -|       17|    no    |
        | + Loop 15.3         |     0|    15|          1|          -|          -|  0 ~ 15 |    no    |
        | + Loop 15.4         |     0|  2085| 105 ~ 139 |          -|          -|  0 ~ 15 |    no    |
        |  ++ Loop 15.4.1     |   102|   136|   6 ~ 8   |          -|          -|       17|    no    |
        | + Loop 15.5         |    54|   128|   3 ~ 4   |          -|          -| 18 ~ 32 |    no    |
        | + Loop 15.6         |    96|    96|          3|          -|          -|       32|    no    |
        | + Loop 15.7         |     2|    67|          2|          -|          -|  1 ~ 33 |    no    |
        | + Loop 15.8         |     ?|     ?|          2|          -|          -|        ?|    no    |
        |- Loop 16            |    34|    34|          2|          -|          -|       17|    no    |
        |- Loop 17            |    32|    32|          2|          -|          -|       16|    no    |
        |- Loop 18            |    32|    32|          2|          -|          -|       16|    no    |
        +---------------------+------+------+-----------+-----------+-----------+---------+----------+



================================================================
== Utilization Estimates
================================================================
* Summary: 
+-----------------+---------+-------+--------+--------+-----+
|       Name      | BRAM_18K| DSP48E|   FF   |   LUT  | URAM|
+-----------------+---------+-------+--------+--------+-----+
|DSP              |        -|      3|       -|       -|    -|
|Expression       |        -|      0|       0|    5625|    -|
|FIFO             |        -|      -|       -|       -|    -|
|Instance         |        -|      -|       -|       -|    -|
|Memory           |       17|      -|     226|      53|    0|
|Multiplexer      |        -|      -|       -|    3587|    -|
|Register         |        -|      -|    3480|       -|    -|
+-----------------+---------+-------+--------+--------+-----+
|Total            |       17|      3|    3706|    9265|    0|
+-----------------+---------+-------+--------+--------+-----+
|Available        |     2060|   2800|  607200|  303600|    0|
+-----------------+---------+-------+--------+--------+-----+
|Utilization (%)  |    ~0   |   ~0  |   ~0   |       3|    0|
+-----------------+---------+-------+--------+--------+-----+

+ Detail: 
    * Instance: 
    N/A

    * DSP48E: 
    +-------------------------+----------------------+--------------+
    |         Instance        |        Module        |  Expression  |
    +-------------------------+----------------------+--------------+
    |poly1305_hw_mac_mibs_U1  |poly1305_hw_mac_mibs  | i0 + i1 * i2 |
    |poly1305_hw_mac_mibs_U2  |poly1305_hw_mac_mibs  | i0 + i1 * i2 |
    |poly1305_hw_mac_mibs_U3  |poly1305_hw_mac_mibs  | i0 + i1 * i2 |
    +-------------------------+----------------------+--------------+

    * Memory: 
    +---------------+---------------------+---------+----+----+-----+------+-----+------+-------------+
    |     Memory    |        Module       | BRAM_18K| FF | LUT| URAM| Words| Bits| Banks| W*Bits*Banks|
    +---------------+---------------------+---------+----+----+-----+------+-----+------+-------------+
    |acc_U          |poly1305_hw_acc      |        0|  16|   3|    0|    17|    8|     1|          136|
    |textBlock_U    |poly1305_hw_acc      |        0|  16|   3|    0|    17|    8|     1|          136|
    |accSum_U       |poly1305_hw_acc      |        0|  16|   3|    0|    17|    8|     1|          136|
    |textBlock_1_U  |poly1305_hw_acc      |        0|  16|   3|    0|    17|    8|     1|          136|
    |accSum_1_U     |poly1305_hw_acc      |        0|  16|   3|    0|    17|    8|     1|          136|
    |textBlock_2_U  |poly1305_hw_acc      |        0|  16|   3|    0|    17|    8|     1|          136|
    |accSum81_U     |poly1305_hw_acc      |        0|  16|   3|    0|    17|    8|     1|          136|
    |arr1_U         |poly1305_hw_arr1     |        2|   0|   0|    0|    33|   32|     1|         1056|
    |arr1_1_U       |poly1305_hw_arr1     |        2|   0|   0|    0|    33|   32|     1|         1056|
    |arr1_2_U       |poly1305_hw_arr1     |        2|   0|   0|    0|    33|   32|     1|         1056|
    |arr2_U         |poly1305_hw_arr2     |        0|   4|   2|    0|    17|    4|     1|           68|
    |arr2_1_U       |poly1305_hw_arr2     |        0|   4|   2|    0|    17|    4|     1|           68|
    |arr2_2_U       |poly1305_hw_arr2     |        0|   4|   2|    0|    17|    4|     1|           68|
    |fullArr_U      |poly1305_hw_fullArr  |        0|  18|   6|    0|    40|    9|     1|          360|
    |fullArr_1_U    |poly1305_hw_fullArr  |        0|  18|   6|    0|    40|    9|     1|          360|
    |fullArr_2_U    |poly1305_hw_fullArr  |        0|  18|   6|    0|    40|    9|     1|          360|
    |key_U          |poly1305_hw_key      |        0|  16|   4|    0|    32|    8|     1|          256|
    |mul_U          |poly1305_hw_mul      |        1|   0|   0|    0|    33|    8|     1|          264|
    |mul_1_U        |poly1305_hw_mul      |        1|   0|   0|    0|    33|    8|     1|          264|
    |mul_2_U        |poly1305_hw_mul      |        1|   0|   0|    0|    33|    8|     1|          264|
    |r_U            |poly1305_hw_r        |        1|   0|   0|    0|    16|    8|     1|          128|
    |s_U            |poly1305_hw_s        |        0|  16|   2|    0|    16|    8|     1|          128|
    |tag_U          |poly1305_hw_s        |        0|  16|   2|    0|    16|    8|     1|          128|
    |temp_U         |poly1305_hw_temp     |        2|   0|   0|    0|    40|   32|     1|         1280|
    |temp_1_U       |poly1305_hw_temp     |        2|   0|   0|    0|    40|   32|     1|         1280|
    |temp_2_U       |poly1305_hw_temp     |        2|   0|   0|    0|    40|   32|     1|         1280|
    |text_U         |poly1305_hw_text     |        1|   0|   0|    0|  1000|    8|     1|         8000|
    +---------------+---------------------+---------+----+----+-----+------+-----+------+-------------+
    |Total          |                     |       17| 226|  53|    0|  1688|  351|    27|        18676|
    +---------------+---------------------+---------+----+----+-----+------+-----+------+-------------+

    * FIFO: 
    N/A

    * Expression: 
    +----------------------------+----------+-------+---+----+------------+------------+
    |        Variable Name       | Operation| DSP48E| FF| LUT| Bitwidth P0| Bitwidth P1|
    +----------------------------+----------+-------+---+----+------------+------------+
    |mul_ln218_fu_6397_p2        |     *    |      0|  0|  50|           9|           8|
    |mul_ln499_fu_4108_p2        |     *    |      0|  0|  50|           9|           8|
    |mul_ln743_fu_5219_p2        |     *    |      0|  0|  50|           9|           8|
    |accSum81_d0                 |     +    |      0|  0|   8|           8|           8|
    |accSum_1_d0                 |     +    |      0|  0|   8|           8|           8|
    |accSum_d0                   |     +    |      0|  0|   8|           8|           8|
    |addTemp_1_fu_3706_p2        |     +    |      0|  0|  17|          10|          10|
    |addTemp_2_fu_4903_p2        |     +    |      0|  0|  17|          10|          10|
    |addTemp_3_fu_5341_p2        |     +    |      0|  0|  39|          32|          32|
    |addTemp_4_fu_6519_p2        |     +    |      0|  0|  39|          32|          32|
    |addTemp_5_fu_4230_p2        |     +    |      0|  0|  39|          32|          32|
    |addTemp_fu_5995_p2          |     +    |      0|  0|  17|          10|          10|
    |add_ln105_1_fu_6039_p2      |     +    |      0|  0|   8|           8|           8|
    |add_ln105_fu_6044_p2        |     +    |      0|  0|   8|           8|           8|
    |add_ln108_fu_6067_p2        |     +    |      0|  0|  15|           8|           8|
    |add_ln201_fu_6678_p2        |     +    |      0|  0|  39|          32|           9|
    |add_ln218_1_fu_6419_p2      |     +    |      0|  0|  15|           8|           8|
    |add_ln227_fu_6354_p2        |     +    |      0|  0|  15|           6|           5|
    |add_ln231_1_fu_6505_p2      |     +    |      0|  0|  16|           9|           9|
    |add_ln231_2_fu_6500_p2      |     +    |      0|  0|   8|           8|           8|
    |add_ln231_3_fu_6525_p2      |     +    |      0|  0|   8|           8|           8|
    |add_ln231_fu_6483_p2        |     +    |      0|  0|  15|           5|           5|
    |add_ln241_1_fu_6589_p2      |     +    |      0|  0|  39|          32|          32|
    |add_ln241_fu_6302_p2        |     +    |      0|  0|  15|           7|           5|
    |add_ln252_fu_6631_p2        |     +    |      0|  0|  39|          32|           9|
    |add_ln262_fu_6714_p2        |     +    |      0|  0|  39|          32|           9|
    |add_ln328_fu_3427_p2        |     +    |      0|  0|  39|          32|          32|
    |add_ln342_fu_3472_p2        |     +    |      0|  0|  16|           9|           9|
    |add_ln349_1_fu_3526_p2      |     +    |      0|  0|   8|           8|           8|
    |add_ln377_fu_3587_p2        |     +    |      0|  0|  15|           6|           5|
    |add_ln381_1_fu_3696_p2      |     +    |      0|  0|  16|           9|           9|
    |add_ln381_fu_3674_p2        |     +    |      0|  0|  15|           5|           5|
    |add_ln388_1_fu_3750_p2      |     +    |      0|  0|   8|           8|           8|
    |add_ln388_fu_3755_p2        |     +    |      0|  0|   8|           8|           8|
    |add_ln391_fu_3778_p2        |     +    |      0|  0|  15|           8|           8|
    |add_ln46_fu_3275_p2         |     +    |      0|  0|  15|           5|           1|
    |add_ln482_fu_4389_p2        |     +    |      0|  0|  39|          32|           9|
    |add_ln499_1_fu_4130_p2      |     +    |      0|  0|  15|           8|           8|
    |add_ln508_fu_4065_p2        |     +    |      0|  0|  15|           6|           5|
    |add_ln512_1_fu_4216_p2      |     +    |      0|  0|  16|           9|           9|
    |add_ln512_2_fu_4211_p2      |     +    |      0|  0|   8|           8|           8|
    |add_ln512_3_fu_4236_p2      |     +    |      0|  0|   8|           8|           8|
    |add_ln512_fu_4194_p2        |     +    |      0|  0|  15|           5|           5|
    |add_ln522_1_fu_4300_p2      |     +    |      0|  0|  39|          32|          32|
    |add_ln522_fu_4013_p2        |     +    |      0|  0|  15|           7|           5|
    |add_ln52_fu_5716_p2         |     +    |      0|  0|  39|          32|          32|
    |add_ln533_fu_4342_p2        |     +    |      0|  0|  39|          32|           9|
    |add_ln543_fu_4425_p2        |     +    |      0|  0|  39|          32|           9|
    |add_ln623_fu_4661_p2        |     +    |      0|  0|  16|           9|           9|
    |add_ln630_1_fu_4715_p2      |     +    |      0|  0|   8|           8|           8|
    |add_ln657_fu_4781_p2        |     +    |      0|  0|  15|           6|           5|
    |add_ln661_1_fu_4893_p2      |     +    |      0|  0|  16|           9|           9|
    |add_ln661_fu_4868_p2        |     +    |      0|  0|  15|           5|           5|
    |add_ln668_1_fu_4947_p2      |     +    |      0|  0|   8|           8|           8|
    |add_ln668_fu_4952_p2        |     +    |      0|  0|   8|           8|           8|
    |add_ln66_fu_5761_p2         |     +    |      0|  0|  16|           9|           9|
    |add_ln671_fu_4975_p2        |     +    |      0|  0|  15|           8|           8|
    |add_ln726_fu_5496_p2        |     +    |      0|  0|  39|          32|           9|
    |add_ln73_1_fu_5815_p2       |     +    |      0|  0|   8|           8|           8|
    |add_ln743_1_fu_5241_p2      |     +    |      0|  0|  15|           8|           8|
    |add_ln752_fu_5176_p2        |     +    |      0|  0|  15|           6|           5|
    |add_ln756_1_fu_5327_p2      |     +    |      0|  0|  16|           9|           9|
    |add_ln756_2_fu_5322_p2      |     +    |      0|  0|   8|           8|           8|
    |add_ln756_3_fu_5347_p2      |     +    |      0|  0|   8|           8|           8|
    |add_ln756_fu_5305_p2        |     +    |      0|  0|  15|           5|           5|
    |add_ln766_1_fu_5411_p2      |     +    |      0|  0|  39|          32|          32|
    |add_ln766_fu_5128_p2        |     +    |      0|  0|  15|           6|           5|
    |add_ln777_fu_5449_p2        |     +    |      0|  0|  39|          32|           9|
    |add_ln787_fu_5532_p2        |     +    |      0|  0|  39|          32|           9|
    |add_ln852_fu_6893_p2        |     +    |      0|  0|  16|           9|           9|
    |add_ln859_1_fu_6947_p2      |     +    |      0|  0|   8|           8|           8|
    |add_ln94_fu_5876_p2         |     +    |      0|  0|  15|           6|           5|
    |add_ln98_1_fu_5985_p2       |     +    |      0|  0|  16|           9|           9|
    |add_ln98_fu_5963_p2         |     +    |      0|  0|  15|           5|           5|
    |arr1Zeroes_10_fu_4455_p2    |     +    |      0|  0|  15|           6|           1|
    |arr1Zeroes_4_fu_3822_p2     |     +    |      0|  0|  15|           6|           1|
    |arr1Zeroes_5_fu_5024_p2     |     +    |      0|  0|  15|           6|           1|
    |arr1Zeroes_6_fu_6213_p2     |     +    |      0|  0|  15|           7|           1|
    |arr1Zeroes_7_fu_3924_p2     |     +    |      0|  0|  15|           7|           1|
    |arr1Zeroes_8_fu_5562_p2     |     +    |      0|  0|  15|           6|           1|
    |arr1Zeroes_9_fu_6744_p2     |     +    |      0|  0|  15|           6|           1|
    |arr1Zeroes_fu_6111_p2       |     +    |      0|  0|  15|           6|           1|
    |arr1_1_d1                   |     +    |      0|  0|  39|          32|           2|
    |arr1_2_d1                   |     +    |      0|  0|  39|          32|           2|
    |arr1_d1                     |     +    |      0|  0|  39|          32|           2|
    |grp_fu_3094_p2              |     +    |      0|  0|  39|          32|           2|
    |grp_fu_3101_p2              |     +    |      0|  0|  39|          32|           2|
    |grp_fu_3114_p2              |     +    |      0|  0|  39|          32|           2|
    |i_1_fu_3170_p2              |     +    |      0|  0|  15|           6|           1|
    |i_2_fu_3187_p2              |     +    |      0|  0|  15|           5|           1|
    |i_38_fu_5686_p2             |     +    |      0|  0|  35|          28|           1|
    |i_40_fu_3362_p2             |     +    |      0|  0|  35|          28|           1|
    |i_42_fu_4583_p2             |     +    |      0|  0|  13|           4|           1|
    |i_43_fu_4614_p2             |     +    |      0|  0|  39|          32|           1|
    |i_44_fu_5855_p2             |     +    |      0|  0|  15|           5|           1|
    |i_45_fu_3566_p2             |     +    |      0|  0|  15|           5|           1|
    |i_46_fu_6083_p2             |     +    |      0|  0|  15|           6|           1|
    |i_47_fu_3794_p2             |     +    |      0|  0|  15|           6|           1|
    |i_48_fu_4760_p2             |     +    |      0|  0|  15|           5|           1|
    |i_49_fu_4996_p2             |     +    |      0|  0|  15|           6|           1|
    |i_50_fu_6122_p2             |     +    |      0|  0|  15|           7|           2|
    |i_51_fu_3833_p2             |     +    |      0|  0|  15|           7|           2|
    |i_52_fu_5041_p2             |     +    |      0|  0|  15|           7|           2|
    |i_53_fu_6154_p2             |     +    |      0|  0|  15|           7|           2|
    |i_54_fu_3865_p2             |     +    |      0|  0|  15|           7|           2|
    |i_55_fu_6219_p2             |     +    |      0|  0|  15|           7|           2|
    |i_56_fu_3930_p2             |     +    |      0|  0|  15|           7|           2|
    |i_57_fu_5466_p2             |     +    |      0|  0|  15|           5|           1|
    |i_58_fu_5156_p2             |     +    |      0|  0|  13|           4|           1|
    |i_59_fu_5427_p2             |     +    |      0|  0|  15|           6|           1|
    |i_60_fu_5513_p2             |     +    |      0|  0|  15|           6|           1|
    |i_61_fu_6648_p2             |     +    |      0|  0|  15|           5|           1|
    |i_62_fu_4359_p2             |     +    |      0|  0|  15|           5|           1|
    |i_63_fu_6334_p2             |     +    |      0|  0|  13|           4|           1|
    |i_64_fu_4045_p2             |     +    |      0|  0|  13|           4|           1|
    |i_65_fu_5579_p2             |     +    |      0|  0|  15|           7|           2|
    |i_66_fu_6605_p2             |     +    |      0|  0|  15|           1|           7|
    |i_67_fu_4316_p2             |     +    |      0|  0|  15|           1|           7|
    |i_68_fu_5607_p2             |     +    |      0|  0|  15|           7|           2|
    |i_69_fu_6695_p2             |     +    |      0|  0|  15|           6|           1|
    |i_70_fu_4406_p2             |     +    |      0|  0|  15|           6|           1|
    |i_71_fu_6761_p2             |     +    |      0|  0|  15|           7|           2|
    |i_72_fu_4472_p2             |     +    |      0|  0|  15|           7|           2|
    |i_73_fu_6793_p2             |     +    |      0|  0|  15|           7|           2|
    |i_74_fu_4504_p2             |     +    |      0|  0|  15|           7|           2|
    |i_75_fu_5661_p2             |     +    |      0|  0|  15|           5|           1|
    |i_76_fu_6966_p2             |     +    |      0|  0|  15|           5|           1|
    |i_77_fu_6847_p2             |     +    |      0|  0|  15|           5|           1|
    |i_78_fu_4558_p2             |     +    |      0|  0|  15|           5|           1|
    |i_fu_3153_p2                |     +    |      0|  0|  38|          31|           1|
    |j_10_fu_4085_p2             |     +    |      0|  0|  15|           5|           1|
    |j_11_fu_6869_p2             |     +    |      0|  0|  15|           5|           1|
    |j_1_fu_3421_p2              |     +    |      0|  0|  15|           5|           1|
    |j_2_fu_5737_p2              |     +    |      0|  0|  15|           5|           1|
    |j_3_fu_3448_p2              |     +    |      0|  0|  15|           5|           1|
    |j_4_fu_4637_p2              |     +    |      0|  0|  15|           5|           1|
    |j_5_fu_5892_p2              |     +    |      0|  0|  15|           5|           1|
    |j_6_fu_3603_p2              |     +    |      0|  0|  15|           5|           1|
    |j_7_fu_4797_p2              |     +    |      0|  0|  15|           5|           1|
    |j_8_fu_5196_p2              |     +    |      0|  0|  15|           5|           1|
    |j_9_fu_6374_p2              |     +    |      0|  0|  15|           5|           1|
    |j_fu_5710_p2                |     +    |      0|  0|  15|           5|           1|
    |k_1_fu_3545_p2              |     +    |      0|  0|  15|           6|           1|
    |k_2_fu_4734_p2              |     +    |      0|  0|  15|           6|           1|
    |k_3_fu_5080_p2              |     +    |      0|  0|  15|           6|           1|
    |k_4_fu_5111_p2              |     +    |      0|  0|  13|           4|           1|
    |k_5_fu_6254_p2              |     +    |      0|  0|  15|           6|           1|
    |k_6_fu_3965_p2              |     +    |      0|  0|  15|           6|           1|
    |k_7_fu_6285_p2              |     +    |      0|  0|  13|           4|           1|
    |k_8_fu_3996_p2              |     +    |      0|  0|  13|           4|           1|
    |k_fu_5834_p2                |     +    |      0|  0|  15|           6|           1|
    |mulTemp_3_fu_5235_p2        |     +    |      0|  0|  33|          26|          26|
    |mulTemp_4_fu_6413_p2        |     +    |      0|  0|  33|          26|          26|
    |mulTemp_5_fu_4124_p2        |     +    |      0|  0|  33|          26|          26|
    |sum_1_fu_3482_p2            |     +    |      0|  0|  17|          10|          10|
    |sum_2_fu_4671_p2            |     +    |      0|  0|  17|          10|          10|
    |sum_3_fu_6903_p2            |     +    |      0|  0|  17|          10|          10|
    |sum_fu_5771_p2              |     +    |      0|  0|  17|          10|          10|
    |tag_d0                      |     +    |      0|  0|   8|           8|           8|
    |textLength_fu_3133_p2       |     +    |      0|  0|  39|          32|          32|
    |sub_ln149_fu_6132_p2        |     -    |      0|  0|  15|           6|           6|
    |sub_ln191_fu_6239_p2        |     -    |      0|  0|  15|           6|           7|
    |sub_ln203_fu_6683_p2        |     -    |      0|  0|  39|          32|          32|
    |sub_ln210_fu_6270_p2        |     -    |      0|  0|  15|           4|           7|
    |sub_ln240_fu_6296_p2        |     -    |      0|  0|  15|           4|           7|
    |sub_ln254_fu_6636_p2        |     -    |      0|  0|  39|          32|          32|
    |sub_ln284_fu_6771_p2        |     -    |      0|  0|  15|           6|           6|
    |sub_ln433_fu_3843_p2        |     -    |      0|  0|  15|           6|           6|
    |sub_ln472_fu_3950_p2        |     -    |      0|  0|  15|           6|           7|
    |sub_ln484_fu_4394_p2        |     -    |      0|  0|  39|          32|          32|
    |sub_ln491_fu_3981_p2        |     -    |      0|  0|  15|           4|           7|
    |sub_ln49_1_fu_3325_p2       |     -    |      0|  0|  36|           1|          29|
    |sub_ln49_fu_3305_p2         |     -    |      0|  0|  39|           1|          32|
    |sub_ln521_fu_4007_p2        |     -    |      0|  0|  15|           4|           7|
    |sub_ln535_fu_4347_p2        |     -    |      0|  0|  39|          32|          32|
    |sub_ln565_fu_4482_p2        |     -    |      0|  0|  15|           6|           6|
    |sub_ln603_fu_3394_p2        |     -    |      0|  0|  39|           1|          32|
    |sub_ln716_fu_5065_p2        |     -    |      0|  0|  15|           6|           7|
    |sub_ln728_fu_5501_p2        |     -    |      0|  0|  39|          32|          32|
    |sub_ln735_fu_5096_p2        |     -    |      0|  0|  15|           4|           6|
    |sub_ln765_fu_5122_p2        |     -    |      0|  0|  15|           4|           6|
    |sub_ln779_fu_5454_p2        |     -    |      0|  0|  39|          32|          32|
    |sub_ln809_fu_5585_p2        |     -    |      0|  0|  15|           6|           6|
    |ap_block_state2             |    and   |      0|  0|   2|           1|           1|
    |ap_block_state3             |    and   |      0|  0|   2|           1|           1|
    |ap_block_state4             |    and   |      0|  0|   2|           1|           1|
    |ap_condition_5120           |    and   |      0|  0|   2|           1|           1|
    |ap_condition_5540           |    and   |      0|  0|   2|           1|           1|
    |io_acc_block_signal_op1804  |    and   |      0|  0|   2|           1|           1|
    |io_acc_block_signal_op211   |    and   |      0|  0|   2|           1|           1|
    |grp_fu_3088_p2              |   icmp   |      0|  0|  18|          32|           1|
    |grp_fu_3108_p2              |   icmp   |      0|  0|  18|          32|           1|
    |icmp_ln107_1_fu_6051_p2     |   icmp   |      0|  0|   8|           2|           1|
    |icmp_ln107_fu_5870_p2       |   icmp   |      0|  0|  11|           5|           4|
    |icmp_ln122_fu_6077_p2       |   icmp   |      0|  0|  11|           6|           6|
    |icmp_ln149_fu_6142_p2       |   icmp   |      0|  0|  11|           6|           5|
    |icmp_ln152_fu_6148_p2       |   icmp   |      0|  0|  11|           6|           5|
    |icmp_ln156_fu_6164_p2       |   icmp   |      0|  0|  11|           7|           1|
    |icmp_ln157_fu_6184_p2       |   icmp   |      0|  0|  18|          32|          32|
    |icmp_ln161_fu_6190_p2       |   icmp   |      0|  0|  18|          32|          32|
    |icmp_ln185_fu_6225_p2       |   icmp   |      0|  0|  11|           7|           6|
    |icmp_ln191_fu_6249_p2       |   icmp   |      0|  0|  11|           7|           7|
    |icmp_ln195_fu_6265_p2       |   icmp   |      0|  0|  11|           7|           5|
    |icmp_ln196_fu_6642_p2       |   icmp   |      0|  0|  11|           5|           5|
    |icmp_ln197_fu_6668_p2       |   icmp   |      0|  0|  18|          32|          32|
    |icmp_ln210_fu_6280_p2       |   icmp   |      0|  0|  11|           7|           7|
    |icmp_ln215_fu_6329_p2       |   icmp   |      0|  0|  11|           7|           7|
    |icmp_ln217_fu_6368_p2       |   icmp   |      0|  0|  11|           5|           5|
    |icmp_ln219_fu_6444_p2       |   icmp   |      0|  0|  18|          18|           1|
    |icmp_ln21_fu_3147_p2        |   icmp   |      0|  0|  18|          32|          32|
    |icmp_ln226_1_fu_6471_p2     |   icmp   |      0|  0|  18|          18|           1|
    |icmp_ln226_fu_6465_p2       |   icmp   |      0|  0|  11|           5|           6|
    |icmp_ln232_fu_6541_p2       |   icmp   |      0|  0|  18|          24|           1|
    |icmp_ln240_1_fu_6570_p2     |   icmp   |      0|  0|  11|           8|           1|
    |icmp_ln240_fu_6345_p2       |   icmp   |      0|  0|  11|           7|           7|
    |icmp_ln247_fu_6600_p2       |   icmp   |      0|  0|  11|           7|           7|
    |icmp_ln248_fu_6621_p2       |   icmp   |      0|  0|  18|          32|          32|
    |icmp_ln24_fu_3164_p2        |   icmp   |      0|  0|  11|           6|           7|
    |icmp_ln260_fu_6689_p2       |   icmp   |      0|  0|  11|           6|           7|
    |icmp_ln271_fu_6755_p2       |   icmp   |      0|  0|  18|          32|           1|
    |icmp_ln284_fu_6781_p2       |   icmp   |      0|  0|  11|           6|           5|
    |icmp_ln287_fu_6787_p2       |   icmp   |      0|  0|  11|           6|           5|
    |icmp_ln291_fu_6803_p2       |   icmp   |      0|  0|  11|           7|           1|
    |icmp_ln292_fu_6823_p2       |   icmp   |      0|  0|  18|          32|          32|
    |icmp_ln296_fu_6829_p2       |   icmp   |      0|  0|  18|          32|          32|
    |icmp_ln306_fu_6835_p2       |   icmp   |      0|  0|  11|           6|           6|
    |icmp_ln313_fu_6841_p2       |   icmp   |      0|  0|  11|           5|           5|
    |icmp_ln31_fu_3181_p2        |   icmp   |      0|  0|  11|           5|           6|
    |icmp_ln325_fu_3357_p2       |   icmp   |      0|  0|  18|          29|          29|
    |icmp_ln327_fu_3415_p2       |   icmp   |      0|  0|  11|           5|           6|
    |icmp_ln341_fu_3442_p2       |   icmp   |      0|  0|  11|           5|           5|
    |icmp_ln343_fu_3498_p2       |   icmp   |      0|  0|   8|           2|           1|
    |icmp_ln360_fu_3539_p2       |   icmp   |      0|  0|  11|           6|           6|
    |icmp_ln365_fu_3560_p2       |   icmp   |      0|  0|  11|           5|           6|
    |icmp_ln367_fu_3597_p2       |   icmp   |      0|  0|  11|           5|           5|
    |icmp_ln369_fu_3634_p2       |   icmp   |      0|  0|  11|           8|           1|
    |icmp_ln376_1_fu_3663_p2     |   icmp   |      0|  0|  11|           8|           1|
    |icmp_ln376_fu_3657_p2       |   icmp   |      0|  0|  11|           5|           6|
    |icmp_ln382_fu_3722_p2       |   icmp   |      0|  0|   8|           2|           1|
    |icmp_ln390_1_fu_3762_p2     |   icmp   |      0|  0|   8|           2|           1|
    |icmp_ln390_fu_3581_p2       |   icmp   |      0|  0|  11|           5|           4|
    |icmp_ln406_fu_3788_p2       |   icmp   |      0|  0|  11|           6|           6|
    |icmp_ln433_fu_3853_p2       |   icmp   |      0|  0|  11|           6|           5|
    |icmp_ln436_fu_3859_p2       |   icmp   |      0|  0|  11|           6|           5|
    |icmp_ln440_fu_3875_p2       |   icmp   |      0|  0|  11|           7|           1|
    |icmp_ln441_fu_3895_p2       |   icmp   |      0|  0|  18|          32|          32|
    |icmp_ln445_fu_3901_p2       |   icmp   |      0|  0|  18|          32|          32|
    |icmp_ln469_fu_3936_p2       |   icmp   |      0|  0|  11|           7|           6|
    |icmp_ln46_fu_3286_p2        |   icmp   |      0|  0|  11|           5|           6|
    |icmp_ln472_fu_3960_p2       |   icmp   |      0|  0|  11|           7|           7|
    |icmp_ln476_fu_3976_p2       |   icmp   |      0|  0|  11|           7|           5|
    |icmp_ln477_fu_4353_p2       |   icmp   |      0|  0|  11|           5|           5|
    |icmp_ln478_fu_4379_p2       |   icmp   |      0|  0|  18|          32|          32|
    |icmp_ln48_fu_3292_p2        |   icmp   |      0|  0|   9|           4|           1|
    |icmp_ln491_fu_3991_p2       |   icmp   |      0|  0|  11|           7|           7|
    |icmp_ln496_fu_4040_p2       |   icmp   |      0|  0|  11|           7|           7|
    |icmp_ln498_fu_4079_p2       |   icmp   |      0|  0|  11|           5|           5|
    |icmp_ln49_fu_5681_p2        |   icmp   |      0|  0|  18|          29|          29|
    |icmp_ln500_fu_4155_p2       |   icmp   |      0|  0|  18|          18|           1|
    |icmp_ln507_1_fu_4182_p2     |   icmp   |      0|  0|  18|          18|           1|
    |icmp_ln507_fu_4176_p2       |   icmp   |      0|  0|  11|           5|           6|
    |icmp_ln513_fu_4252_p2       |   icmp   |      0|  0|  18|          24|           1|
    |icmp_ln51_fu_5704_p2        |   icmp   |      0|  0|  11|           5|           6|
    |icmp_ln521_1_fu_4281_p2     |   icmp   |      0|  0|  11|           8|           1|
    |icmp_ln521_fu_4056_p2       |   icmp   |      0|  0|  11|           7|           7|
    |icmp_ln528_fu_4311_p2       |   icmp   |      0|  0|  11|           7|           7|
    |icmp_ln529_fu_4332_p2       |   icmp   |      0|  0|  18|          32|          32|
    |icmp_ln541_fu_4400_p2       |   icmp   |      0|  0|  11|           6|           7|
    |icmp_ln552_fu_4466_p2       |   icmp   |      0|  0|  18|          32|           1|
    |icmp_ln565_fu_4492_p2       |   icmp   |      0|  0|  11|           6|           5|
    |icmp_ln568_fu_4498_p2       |   icmp   |      0|  0|  11|           6|           5|
    |icmp_ln572_fu_4514_p2       |   icmp   |      0|  0|  11|           7|           1|
    |icmp_ln573_fu_4534_p2       |   icmp   |      0|  0|  18|          32|          32|
    |icmp_ln577_fu_4540_p2       |   icmp   |      0|  0|  18|          32|          32|
    |icmp_ln586_fu_4546_p2       |   icmp   |      0|  0|  11|           6|           6|
    |icmp_ln593_fu_4552_p2       |   icmp   |      0|  0|  11|           5|           5|
    |icmp_ln603_fu_4578_p2       |   icmp   |      0|  0|  11|           5|           5|
    |icmp_ln608_fu_4620_p2       |   icmp   |      0|  0|  18|          32|           5|
    |icmp_ln622_fu_4631_p2       |   icmp   |      0|  0|  11|           5|           5|
    |icmp_ln624_fu_4687_p2       |   icmp   |      0|  0|   8|           2|           1|
    |icmp_ln640_fu_4728_p2       |   icmp   |      0|  0|  11|           6|           6|
    |icmp_ln645_fu_4754_p2       |   icmp   |      0|  0|  11|           5|           6|
    |icmp_ln647_fu_4791_p2       |   icmp   |      0|  0|  11|           5|           5|
    |icmp_ln649_fu_4828_p2       |   icmp   |      0|  0|  11|           8|           1|
    |icmp_ln656_1_fu_4857_p2     |   icmp   |      0|  0|  11|           8|           1|
    |icmp_ln656_fu_4851_p2       |   icmp   |      0|  0|  11|           5|           6|
    |icmp_ln65_fu_5731_p2        |   icmp   |      0|  0|  11|           5|           5|
    |icmp_ln662_fu_4919_p2       |   icmp   |      0|  0|   8|           2|           1|
    |icmp_ln670_1_fu_4959_p2     |   icmp   |      0|  0|   8|           2|           1|
    |icmp_ln670_fu_4775_p2       |   icmp   |      0|  0|  11|           5|           4|
    |icmp_ln67_fu_5787_p2        |   icmp   |      0|  0|   8|           2|           1|
    |icmp_ln684_fu_4990_p2       |   icmp   |      0|  0|  11|           6|           6|
    |icmp_ln698_fu_5035_p2       |   icmp   |      0|  0|  18|          32|           1|
    |icmp_ln711_fu_5047_p2       |   icmp   |      0|  0|  11|           6|           6|
    |icmp_ln716_fu_5075_p2       |   icmp   |      0|  0|  11|           7|           7|
    |icmp_ln720_fu_5091_p2       |   icmp   |      0|  0|  11|           7|           5|
    |icmp_ln721_fu_5460_p2       |   icmp   |      0|  0|  11|           5|           5|
    |icmp_ln722_fu_5486_p2       |   icmp   |      0|  0|  18|          32|          32|
    |icmp_ln735_fu_5106_p2       |   icmp   |      0|  0|  11|           6|           6|
    |icmp_ln740_fu_5151_p2       |   icmp   |      0|  0|  11|           6|           6|
    |icmp_ln742_fu_5190_p2       |   icmp   |      0|  0|  11|           5|           5|
    |icmp_ln744_fu_5266_p2       |   icmp   |      0|  0|  18|          18|           1|
    |icmp_ln751_1_fu_5293_p2     |   icmp   |      0|  0|  18|          18|           1|
    |icmp_ln751_fu_5287_p2       |   icmp   |      0|  0|  11|           5|           6|
    |icmp_ln757_fu_5363_p2       |   icmp   |      0|  0|  18|          24|           1|
    |icmp_ln765_1_fu_5392_p2     |   icmp   |      0|  0|  11|           8|           1|
    |icmp_ln765_fu_5167_p2       |   icmp   |      0|  0|  11|           6|           6|
    |icmp_ln772_fu_5422_p2       |   icmp   |      0|  0|  11|           7|           7|
    |icmp_ln773_fu_5439_p2       |   icmp   |      0|  0|  18|          32|          32|
    |icmp_ln77_fu_5828_p2        |   icmp   |      0|  0|  11|           6|           6|
    |icmp_ln785_fu_5507_p2       |   icmp   |      0|  0|  11|           6|           7|
    |icmp_ln796_fu_5573_p2       |   icmp   |      0|  0|  18|          32|           1|
    |icmp_ln809_fu_5595_p2       |   icmp   |      0|  0|  11|           6|           5|
    |icmp_ln812_fu_5601_p2       |   icmp   |      0|  0|  11|           6|           5|
    |icmp_ln816_fu_5617_p2       |   icmp   |      0|  0|  11|           7|           1|
    |icmp_ln817_fu_5637_p2       |   icmp   |      0|  0|  18|          32|          32|
    |icmp_ln821_fu_5643_p2       |   icmp   |      0|  0|  18|          32|          32|
    |icmp_ln82_fu_5849_p2        |   icmp   |      0|  0|  11|           5|           6|
    |icmp_ln831_fu_5649_p2       |   icmp   |      0|  0|  11|           6|           6|
    |icmp_ln838_fu_5655_p2       |   icmp   |      0|  0|  11|           5|           5|
    |icmp_ln84_fu_5886_p2        |   icmp   |      0|  0|  11|           5|           5|
    |icmp_ln851_fu_6863_p2       |   icmp   |      0|  0|  11|           5|           6|
    |icmp_ln853_fu_6919_p2       |   icmp   |      0|  0|   8|           2|           1|
    |icmp_ln868_fu_6960_p2       |   icmp   |      0|  0|  11|           5|           6|
    |icmp_ln86_fu_5923_p2        |   icmp   |      0|  0|  11|           8|           1|
    |icmp_ln93_1_fu_5952_p2      |   icmp   |      0|  0|  11|           8|           1|
    |icmp_ln93_fu_5946_p2        |   icmp   |      0|  0|  11|           5|           6|
    |icmp_ln99_fu_6011_p2        |   icmp   |      0|  0|   8|           2|           1|
    |tmp_last_V_1_fu_6977_p2     |   icmp   |      0|  0|  11|           5|           4|
    |or_ln107_1_fu_6062_p2       |    or    |      0|  0|   2|           1|           1|
    |or_ln107_fu_6057_p2         |    or    |      0|  0|   2|           1|           1|
    |or_ln226_fu_6477_p2         |    or    |      0|  0|   2|           1|           1|
    |or_ln240_1_fu_6581_p2       |    or    |      0|  0|   2|           1|           1|
    |or_ln240_fu_6576_p2         |    or    |      0|  0|   2|           1|           1|
    |or_ln376_fu_3668_p2         |    or    |      0|  0|   2|           1|           1|
    |or_ln390_1_fu_3773_p2       |    or    |      0|  0|   2|           1|           1|
    |or_ln390_fu_3768_p2         |    or    |      0|  0|   2|           1|           1|
    |or_ln507_fu_4188_p2         |    or    |      0|  0|   2|           1|           1|
    |or_ln521_1_fu_4292_p2       |    or    |      0|  0|   2|           1|           1|
    |or_ln521_fu_4287_p2         |    or    |      0|  0|   2|           1|           1|
    |or_ln656_fu_4862_p2         |    or    |      0|  0|   2|           1|           1|
    |or_ln670_1_fu_4970_p2       |    or    |      0|  0|   2|           1|           1|
    |or_ln670_fu_4965_p2         |    or    |      0|  0|   2|           1|           1|
    |or_ln751_fu_5299_p2         |    or    |      0|  0|   2|           1|           1|
    |or_ln765_1_fu_5403_p2       |    or    |      0|  0|   2|           1|           1|
    |or_ln765_fu_5398_p2         |    or    |      0|  0|   2|           1|           1|
    |or_ln93_fu_5957_p2          |    or    |      0|  0|   2|           1|           1|
    |mulCarry_4_fu_5271_p3       |  select  |      0|  0|  18|           1|          18|
    |mulCarry_5_fu_6449_p3       |  select  |      0|  0|  18|           1|          18|
    |mulCarry_6_fu_4160_p3       |  select  |      0|  0|  18|           1|          18|
    |select_ln232_fu_6557_p3     |  select  |      0|  0|   8|           1|           8|
    |select_ln343_fu_3514_p3     |  select  |      0|  0|   2|           1|           2|
    |select_ln369_fu_3649_p3     |  select  |      0|  0|   8|           1|           8|
    |select_ln382_fu_3738_p3     |  select  |      0|  0|   2|           1|           2|
    |select_ln49_fu_3345_p3      |  select  |      0|  0|  29|           1|          29|
    |select_ln513_fu_4268_p3     |  select  |      0|  0|   8|           1|           8|
    |select_ln603_fu_3400_p3     |  select  |      0|  0|  32|           1|          32|
    |select_ln624_fu_4703_p3     |  select  |      0|  0|   2|           1|           2|
    |select_ln649_fu_4843_p3     |  select  |      0|  0|   8|           1|           8|
    |select_ln662_fu_4935_p3     |  select  |      0|  0|   2|           1|           2|
    |select_ln67_fu_5803_p3      |  select  |      0|  0|   2|           1|           2|
    |select_ln757_fu_5379_p3     |  select  |      0|  0|   8|           1|           8|
    |select_ln853_fu_6935_p3     |  select  |      0|  0|   2|           1|           2|
    |select_ln86_fu_5938_p3      |  select  |      0|  0|   8|           1|           8|
    |select_ln99_fu_6027_p3      |  select  |      0|  0|   2|           1|           2|
    |xor_ln33_fu_3198_p2         |    xor   |      0|  0|   6|           5|           6|
    +----------------------------+----------+-------+---+----+------------+------------+
    |Total                       |          |      0|  0|5625|        3729|        2707|
    +----------------------------+----------+-------+---+----+------------+------------+

    * Multiplexer: 
    +-------------------------------------------+-----+-----------+-----+-----------+
    |                    Name                   | LUT | Input Size| Bits| Total Bits|
    +-------------------------------------------+-----+-----------+-----+-----------+
    |accSum81_address0                          |   15|          3|    5|         15|
    |accSum_1_address0                          |   15|          3|    5|         15|
    |accSum_address0                            |   15|          3|    5|         15|
    |acc_address0                               |   44|          9|    5|         45|
    |acc_d0                                     |   27|          5|    8|         40|
    |addCarry119_0_reg_3038                     |    9|          2|    2|          4|
    |addCarry34_0_reg_1536                      |    9|          2|    2|          4|
    |addCarry34_2_reg_1570                      |    9|          2|    8|         16|
    |addCarry34_3_reg_1594                      |    9|          2|    8|         16|
    |addCarry34_5_reg_1643                      |    9|          2|    2|          4|
    |addCarry34_6_reg_1819                      |    9|          2|    8|         16|
    |addCarry34_7_be_reg_1879                   |    9|          2|    8|         16|
    |addCarry34_7_reg_1854                      |    9|          2|    8|         16|
    |addCarry80_0_reg_2090                      |    9|          2|    2|          4|
    |addCarry80_2_fu_294                        |    9|          2|    2|          4|
    |addCarry80_5_reg_2162                      |    9|          2|    2|          4|
    |addCarry80_6_reg_2264                      |    9|          2|    8|         16|
    |addCarry80_7_be_reg_2324                   |    9|          2|    8|         16|
    |addCarry80_7_reg_2299                      |    9|          2|    8|         16|
    |addCarry_0_reg_2527                        |    9|          2|    2|          4|
    |addCarry_2_reg_2562                        |    9|          2|    8|         16|
    |addCarry_3_reg_2586                        |    9|          2|    8|         16|
    |addCarry_5_reg_2623                        |    9|          2|    2|          4|
    |addCarry_6_reg_2788                        |    9|          2|    8|         16|
    |addCarry_7_be_reg_2859                     |    9|          2|    8|         16|
    |addCarry_7_reg_2811                        |    9|          2|    8|         16|
    |ap_NS_fsm                                  |  761|        174|    1|        174|
    |ap_phi_mux_boolean52_11_ph_phi_fu_2026_p4  |    9|          2|   32|         64|
    |ap_phi_mux_boolean52_4_ph_phi_fu_1714_p6   |   15|          3|   32|         96|
    |ap_phi_mux_boolean52_9_phi_fu_2011_p6      |    9|          2|   32|         64|
    |ap_phi_mux_boolean_11_ph_phi_fu_3006_p4    |    9|          2|   32|         64|
    |ap_phi_mux_boolean_4_ph_phi_fu_2694_p6     |   15|          3|   32|         96|
    |ap_phi_mux_boolean_9_phi_fu_2991_p6        |    9|          2|   32|         64|
    |arr1Zeroes53_0_reg_1677                    |    9|          2|    6|         12|
    |arr1Zeroes53_1_reg_1754                    |    9|          2|    7|         14|
    |arr1Zeroes53_2_reg_1775                    |    9|          2|    7|         14|
    |arr1Zeroes53_3_reg_1955                    |    9|          2|    6|         12|
    |arr1Zeroes99_0_reg_2196                    |    9|          2|    6|         12|
    |arr1Zeroes99_1_reg_2208                    |    9|          2|    6|         12|
    |arr1Zeroes99_2_reg_2388                    |    9|          2|    6|         12|
    |arr1Zeroes_0_reg_2645                      |    9|          2|    6|         12|
    |arr1Zeroes_1_reg_2722                      |    9|          2|    7|         14|
    |arr1Zeroes_2_reg_2755                      |    9|          2|    7|         14|
    |arr1Zeroes_3_reg_2923                      |    9|          2|    6|         12|
    |arr1_1_address0                            |   62|         15|    6|         90|
    |arr1_1_address1                            |   33|          6|    6|         36|
    |arr1_1_d0                                  |   33|          6|   32|        192|
    |arr1_2_address0                            |   56|         13|    6|         78|
    |arr1_2_address1                            |   33|          6|    6|         36|
    |arr1_2_d0                                  |   33|          6|   32|        192|
    |arr1_address0                              |   62|         15|    6|         90|
    |arr1_address1                              |   33|          6|    6|         36|
    |arr1_d0                                    |   33|          6|   32|        192|
    |arr2_1_address0                            |   27|          5|    5|         25|
    |arr2_2_address0                            |   21|          4|    5|         20|
    |arr2_address0                              |   27|          5|    5|         25|
    |boolean52_11_ph_reg_2023                   |    9|          2|   32|         64|
    |boolean52_11_reg_2034                      |    9|          2|   32|         64|
    |boolean52_1_reg_1698                       |    9|          2|   32|         64|
    |boolean52_4_ph_reg_1711                    |   15|          3|   32|         96|
    |boolean52_4_reg_1725                       |   15|          3|   32|         96|
    |boolean52_5_reg_1764                       |    9|          2|   32|         64|
    |boolean52_6_reg_1976                       |    9|          2|   32|         64|
    |boolean52_9_ph_reg_1989                    |   15|          3|   32|         96|
    |boolean52_9_reg_2005                       |   15|          3|   32|         96|
    |boolean98_0_reg_2219                       |    9|          2|    3|          6|
    |boolean98_1_reg_2413                       |    9|          2|    3|          6|
    |boolean98_4_ph_reg_2435                    |   15|          3|    3|          9|
    |boolean98_4_reg_2452                       |   15|          3|    3|          9|
    |boolean_11_ph_reg_3003                     |    9|          2|   32|         64|
    |boolean_11_reg_3014                        |    9|          2|   32|         64|
    |boolean_1_reg_2669                         |    9|          2|   32|         64|
    |boolean_4_ph_reg_2691                      |   15|          3|   32|         96|
    |boolean_4_reg_2705                         |   15|          3|   32|         96|
    |boolean_5_reg_2744                         |    9|          2|   32|         64|
    |boolean_6_reg_2947                         |    9|          2|   32|         64|
    |boolean_9_ph_reg_2969                      |   15|          3|   32|         96|
    |boolean_9_reg_2985                         |   15|          3|   32|         96|
    |flag_0_reg_1446                            |    9|          2|    1|          2|
    |fullArr_1_address0                         |   15|          3|    6|         18|
    |fullArr_2_address0                         |   15|          3|    6|         18|
    |fullArr_address0                           |   15|          3|    6|         18|
    |i101_0_reg_2184                            |    9|          2|    7|         14|
    |i105_0_reg_2357                            |    9|          2|    5|         10|
    |i108_0_reg_2253                            |    9|          2|    4|          8|
    |i10_0_reg_2657                             |    9|          2|    7|         14|
    |i113_0_reg_2337                            |    9|          2|    6|         12|
    |i114_0_reg_2377                            |    9|          2|    6|         12|
    |i115_0_reg_2401                            |    9|          2|    7|         14|
    |i117_0_in_reg_2426                         |    9|          2|    7|         14|
    |i118_0_reg_2470                            |    9|          2|    5|         10|
    |i122_0_reg_3061                            |    9|          2|    5|         10|
    |i12_0_in_reg_2682                          |    9|          2|    7|         14|
    |i13_0_reg_2732                             |    9|          2|    7|         14|
    |i17_0_reg_2892                             |    9|          2|    5|         10|
    |i19_0_reg_2800                             |    9|          2|    4|          8|
    |i1_0_reg_1468                              |    9|          2|    6|         12|
    |i24_0_reg_2872                             |    9|          2|    6|         12|
    |i25_0_reg_2912                             |    9|          2|    6|         12|
    |i26_0_reg_2935                             |    9|          2|    7|         14|
    |i28_0_in_reg_2960                          |    9|          2|    7|         14|
    |i29_0_reg_3027                             |    9|          2|    5|         10|
    |i2_0_reg_1479                              |    9|          2|    5|         10|
    |i30_0_reg_1501                             |    9|          2|   28|         56|
    |i3_0_reg_2481                              |    9|          2|   28|         56|
    |i41_0_reg_1582                             |    9|          2|    5|         10|
    |i48_0_reg_1654                             |    9|          2|    6|         12|
    |i55_0_reg_1665                             |    9|          2|    7|         14|
    |i57_0_in_reg_1689                          |    9|          2|    7|         14|
    |i58_0_reg_1742                             |    9|          2|    7|         14|
    |i62_0_reg_1912                             |    9|          2|    5|         10|
    |i65_0_reg_1808                             |    9|          2|    4|          8|
    |i6_0_reg_2550                              |    9|          2|    5|         10|
    |i70_0_reg_1892                             |    9|          2|    6|         12|
    |i71_0_reg_1932                             |    9|          2|    6|         12|
    |i72_0_reg_1943                             |    9|          2|    7|         14|
    |i74_0_in_reg_1967                          |    9|          2|    7|         14|
    |i75_0_reg_2047                             |    9|          2|    5|         10|
    |i77_0_reg_2058                             |    9|          2|    4|          8|
    |i78_0_in_reg_2070                          |    9|          2|   32|         64|
    |i87_0_reg_2113                             |    9|          2|    5|         10|
    |i94_0_reg_2173                             |    9|          2|    6|         12|
    |i9_0_reg_2634                              |    9|          2|    6|         12|
    |i_0_reg_1457                               |    9|          2|   31|         62|
    |input_stream_V_data_blk_n                  |    9|          2|    1|          2|
    |input_stream_V_last_V_blk_n                |    9|          2|    1|          2|
    |j110_0_reg_2276                            |    9|          2|    5|         10|
    |j120_0_reg_3050                            |    9|          2|    5|         10|
    |j21_0_reg_2834                             |    9|          2|    5|         10|
    |j32_0_reg_1524                             |    9|          2|    5|         10|
    |j36_0_reg_1548                             |    9|          2|    5|         10|
    |j43_0_reg_1618                             |    9|          2|    5|         10|
    |j5_0_reg_2516                              |    9|          2|    5|         10|
    |j67_0_reg_1831                             |    9|          2|    5|         10|
    |j7_0_reg_2598                              |    9|          2|    5|         10|
    |j82_0_reg_2079                             |    9|          2|    5|         10|
    |j89_0_reg_2125                             |    9|          2|    5|         10|
    |j_0_reg_2504                               |    9|          2|    5|         10|
    |k104_0_reg_2231                            |    9|          2|    6|         12|
    |k107_0_reg_2242                            |    9|          2|    4|          8|
    |k16_0_reg_2766                             |    9|          2|    6|         12|
    |k18_0_reg_2777                             |    9|          2|    4|          8|
    |k40_0_reg_1559                             |    9|          2|    6|         12|
    |k61_0_reg_1786                             |    9|          2|    6|         12|
    |k64_0_reg_1797                             |    9|          2|    4|          8|
    |k86_0_reg_2102                             |    9|          2|    6|         12|
    |k_0_reg_2539                               |    9|          2|    6|         12|
    |key_address0                               |   15|          3|    5|         15|
    |mulCarry109_0_reg_2288                     |    9|          2|   18|         36|
    |mulCarry109_2_reg_2311                     |    9|          2|   18|         36|
    |mulCarry20_0_reg_2823                      |    9|          2|   18|         36|
    |mulCarry20_2_reg_2846                      |    9|          2|   18|         36|
    |mulCarry42_0_reg_1606                      |    9|          2|    8|         16|
    |mulCarry42_2_reg_1630                      |    9|          2|    8|         16|
    |mulCarry66_0_reg_1843                      |    9|          2|   18|         36|
    |mulCarry66_2_reg_1866                      |    9|          2|   18|         36|
    |mulCarry88_0_reg_2137                      |    9|          2|    8|         16|
    |mulCarry88_2_reg_2149                      |    9|          2|    8|         16|
    |mulCarry_0_reg_2574                        |    9|          2|    8|         16|
    |mulCarry_2_reg_2610                        |    9|          2|    8|         16|
    |mul_1_address0                             |   27|          5|    6|         30|
    |mul_1_address1                             |   21|          4|    6|         24|
    |mul_1_d0                                   |   15|          3|    8|         24|
    |mul_1_d1                                   |   15|          3|    8|         24|
    |mul_2_address0                             |   27|          5|    6|         30|
    |mul_2_address1                             |   21|          4|    6|         24|
    |mul_2_d0                                   |   15|          3|    8|         24|
    |mul_2_d1                                   |   15|          3|    8|         24|
    |mul_address0                               |   27|          5|    6|         30|
    |mul_address1                               |   21|          4|    6|         24|
    |mul_d0                                     |   15|          3|    8|         24|
    |mul_d1                                     |   15|          3|    8|         24|
    |p_pn194_reg_2368                           |    9|          2|   32|         64|
    |p_pn196_reg_1903                           |    9|          2|   32|         64|
    |p_pn198_reg_1923                           |    9|          2|   32|         64|
    |p_pn200_reg_2883                           |    9|          2|   32|         64|
    |p_pn202_reg_2903                           |    9|          2|   32|         64|
    |p_pn_reg_2348                              |    9|          2|   32|         64|
    |phi_ln46_reg_1490                          |    9|          2|    5|         10|
    |r_address0                                 |   47|         10|    4|         40|
    |r_address1                                 |   47|         10|    4|         40|
    |r_d0                                       |   27|          5|    8|         40|
    |r_d1                                       |   27|          5|    8|         40|
    |result_stream_V_data_blk_n                 |    9|          2|    1|          2|
    |result_stream_V_last_V_blk_n               |    9|          2|    1|          2|
    |s_address0                                 |   15|          3|    4|         12|
    |tag_address0                               |   15|          3|    4|         12|
    |temp_1_address0                            |   27|          5|    6|         30|
    |temp_1_address1                            |   21|          4|    6|         24|
    |temp_1_d0                                  |   15|          3|   32|         96|
    |temp_1_d1                                  |   15|          3|   32|         96|
    |temp_2_address0                            |   27|          5|    6|         30|
    |temp_2_address1                            |   21|          4|    6|         24|
    |temp_2_d0                                  |   15|          3|   32|         96|
    |temp_2_d1                                  |   15|          3|   32|         96|
    |temp_address0                              |   27|          5|    6|         30|
    |temp_address1                              |   21|          4|    6|         24|
    |temp_d0                                    |   15|          3|   32|         96|
    |temp_d1                                    |   15|          3|   32|         96|
    |textBlock_1_address0                       |   21|          4|    5|         20|
    |textBlock_1_d0                             |   15|          3|    8|         24|
    |textBlock_2_address0                       |   27|          5|    5|         25|
    |textBlock_2_d0                             |   21|          4|    8|         32|
    |textBlock_address0                         |   21|          4|    5|         20|
    |textBlock_d0                               |   15|          3|    8|         24|
    |textLength_0_reg_1434                      |    9|          2|   32|         64|
    |text_address0                              |   27|          5|   10|         50|
    +-------------------------------------------+-----+-----------+-----+-----------+
    |Total                                      | 3587|        764| 2401|       6752|
    +-------------------------------------------+-----+-----------+-----+-----------+

    * Register: 
    +--------------------------+-----+----+-----+-----------+
    |           Name           |  FF | LUT| Bits| Const Bits|
    +--------------------------+-----+----+-----+-----------+
    |addCarry119_0_reg_3038    |    2|   0|    2|          0|
    |addCarry34_0_reg_1536     |    2|   0|    2|          0|
    |addCarry34_2_reg_1570     |    8|   0|    8|          0|
    |addCarry34_3_reg_1594     |    8|   0|    8|          0|
    |addCarry34_5_reg_1643     |    2|   0|    2|          0|
    |addCarry34_6_reg_1819     |    8|   0|    8|          0|
    |addCarry34_7_be_reg_1879  |    8|   0|    8|          0|
    |addCarry34_7_reg_1854     |    8|   0|    8|          0|
    |addCarry80_0_reg_2090     |    2|   0|    2|          0|
    |addCarry80_2_fu_294       |    2|   0|    8|          6|
    |addCarry80_5_reg_2162     |    2|   0|    2|          0|
    |addCarry80_6_reg_2264     |    8|   0|    8|          0|
    |addCarry80_7_be_reg_2324  |    8|   0|    8|          0|
    |addCarry80_7_reg_2299     |    8|   0|    8|          0|
    |addCarry_0_reg_2527       |    2|   0|    2|          0|
    |addCarry_2_reg_2562       |    8|   0|    8|          0|
    |addCarry_3_reg_2586       |    8|   0|    8|          0|
    |addCarry_5_reg_2623       |    2|   0|    2|          0|
    |addCarry_6_reg_2788       |    8|   0|    8|          0|
    |addCarry_7_be_reg_2859    |    8|   0|    8|          0|
    |addCarry_7_reg_2811       |    8|   0|    8|          0|
    |add_ln218_1_reg_8730      |    8|   0|    8|          0|
    |add_ln499_1_reg_7576      |    8|   0|    8|          0|
    |add_ln743_1_reg_8126      |    8|   0|    8|          0|
    |ap_CS_fsm                 |  173|   0|  173|          0|
    |arr1Zeroes53_0_reg_1677   |    6|   0|    6|          0|
    |arr1Zeroes53_1_reg_1754   |    7|   0|    7|          0|
    |arr1Zeroes53_2_reg_1775   |    7|   0|    7|          0|
    |arr1Zeroes53_3_reg_1955   |    6|   0|    6|          0|
    |arr1Zeroes99_0_reg_2196   |    6|   0|    6|          0|
    |arr1Zeroes99_1_reg_2208   |    6|   0|    6|          0|
    |arr1Zeroes99_2_reg_2388   |    6|   0|    6|          0|
    |arr1Zeroes_0_reg_2645     |    6|   0|    6|          0|
    |arr1Zeroes_10_reg_7737    |    6|   0|    6|          0|
    |arr1Zeroes_1_reg_2722     |    7|   0|    7|          0|
    |arr1Zeroes_2_reg_2755     |    7|   0|    7|          0|
    |arr1Zeroes_3_reg_2923     |    6|   0|    6|          0|
    |arr1Zeroes_4_reg_7380     |    6|   0|    6|          0|
    |arr1Zeroes_5_reg_7995     |    6|   0|    6|          0|
    |arr1Zeroes_8_reg_8283     |    6|   0|    6|          0|
    |arr1Zeroes_9_reg_8891     |    6|   0|    6|          0|
    |arr1Zeroes_reg_8534       |    6|   0|    6|          0|
    |arr1_1_addr_4_reg_7676    |    5|   0|    6|          1|
    |arr1_1_addr_5_reg_7700    |    5|   0|    6|          1|
    |arr1_1_addr_6_reg_7633    |    6|   0|    6|          0|
    |arr1_1_addr_7_reg_7657    |    6|   0|    6|          0|
    |arr1_1_addr_8_reg_7719    |    6|   0|    6|          0|
    |arr1_1_addr_9_reg_7728    |    6|   0|    6|          0|
    |arr1_1_load_3_reg_7686    |   32|   0|   32|          0|
    |arr1_1_load_5_reg_7643    |   32|   0|   32|          0|
    |arr1_2_addr_2_reg_8222    |    5|   0|    6|          1|
    |arr1_2_addr_3_reg_8246    |    5|   0|    6|          1|
    |arr1_2_addr_4_reg_8179    |    6|   0|    6|          0|
    |arr1_2_addr_5_reg_8203    |    6|   0|    6|          0|
    |arr1_2_addr_6_reg_8265    |    6|   0|    6|          0|
    |arr1_2_addr_7_reg_8274    |    6|   0|    6|          0|
    |arr1_2_load_1_reg_8232    |   32|   0|   32|          0|
    |arr1_2_load_3_reg_8189    |   32|   0|   32|          0|
    |arr1_addr_4_reg_8830      |    5|   0|    6|          1|
    |arr1_addr_5_reg_8854      |    5|   0|    6|          1|
    |arr1_addr_6_reg_8787      |    6|   0|    6|          0|
    |arr1_addr_7_reg_8811      |    6|   0|    6|          0|
    |arr1_addr_8_reg_8873      |    6|   0|    6|          0|
    |arr1_addr_9_reg_8882      |    6|   0|    6|          0|
    |arr1_load_3_reg_8840      |   32|   0|   32|          0|
    |arr1_load_5_reg_8797      |   32|   0|   32|          0|
    |boolean52_0_reg_1512      |   32|   0|   32|          0|
    |boolean52_11_ph_reg_2023  |   32|   0|   32|          0|
    |boolean52_11_reg_2034     |   32|   0|   32|          0|
    |boolean52_1_reg_1698      |   32|   0|   32|          0|
    |boolean52_4_ph_reg_1711   |   32|   0|   32|          0|
    |boolean52_4_reg_1725      |   32|   0|   32|          0|
    |boolean52_5_reg_1764      |   32|   0|   32|          0|
    |boolean52_6_reg_1976      |   32|   0|   32|          0|
    |boolean52_9_ph_reg_1989   |   32|   0|   32|          0|
    |boolean52_9_reg_2005      |   32|   0|   32|          0|
    |boolean98_0_reg_2219      |    3|   0|    3|          0|
    |boolean98_1_reg_2413      |    3|   0|    3|          0|
    |boolean98_4_ph_reg_2435   |    3|   0|    3|          0|
    |boolean98_4_reg_2452      |    3|   0|    3|          0|
    |boolean_0_reg_2492        |   32|   0|   32|          0|
    |boolean_11_ph_reg_3003    |   32|   0|   32|          0|
    |boolean_11_reg_3014       |   32|   0|   32|          0|
    |boolean_1_reg_2669        |   32|   0|   32|          0|
    |boolean_4_ph_reg_2691     |   32|   0|   32|          0|
    |boolean_4_reg_2705        |   32|   0|   32|          0|
    |boolean_5_reg_2744        |   32|   0|   32|          0|
    |boolean_6_reg_2947        |   32|   0|   32|          0|
    |boolean_9_ph_reg_2969     |   32|   0|   32|          0|
    |boolean_9_reg_2985        |   32|   0|   32|          0|
    |flag_0_reg_1446           |    1|   0|    1|          0|
    |i101_0_reg_2184           |    7|   0|    7|          0|
    |i105_0_reg_2357           |    5|   0|    5|          0|
    |i108_0_reg_2253           |    4|   0|    4|          0|
    |i10_0_reg_2657            |    7|   0|    7|          0|
    |i113_0_reg_2337           |    6|   0|    6|          0|
    |i114_0_reg_2377           |    6|   0|    6|          0|
    |i115_0_reg_2401           |    7|   0|    7|          0|
    |i117_0_in_reg_2426        |    7|   0|    7|          0|
    |i118_0_reg_2470           |    5|   0|    5|          0|
    |i122_0_reg_3061           |    5|   0|    5|          0|
    |i12_0_in_reg_2682         |    7|   0|    7|          0|
    |i13_0_reg_2732            |    7|   0|    7|          0|
    |i17_0_reg_2892            |    5|   0|    5|          0|
    |i19_0_reg_2800            |    4|   0|    4|          0|
    |i1_0_reg_1468             |    6|   0|    6|          0|
    |i24_0_reg_2872            |    6|   0|    6|          0|
    |i25_0_reg_2912            |    6|   0|    6|          0|
    |i26_0_reg_2935            |    7|   0|    7|          0|
    |i28_0_in_reg_2960         |    7|   0|    7|          0|
    |i29_0_reg_3027            |    5|   0|    5|          0|
    |i2_0_reg_1479             |    5|   0|    5|          0|
    |i30_0_reg_1501            |   28|   0|   28|          0|
    |i3_0_reg_2481             |   28|   0|   28|          0|
    |i41_0_reg_1582            |    5|   0|    5|          0|
    |i48_0_reg_1654            |    6|   0|    6|          0|
    |i55_0_reg_1665            |    7|   0|    7|          0|
    |i57_0_in_reg_1689         |    7|   0|    7|          0|
    |i58_0_reg_1742            |    7|   0|    7|          0|
    |i62_0_reg_1912            |    5|   0|    5|          0|
    |i65_0_reg_1808            |    4|   0|    4|          0|
    |i6_0_reg_2550             |    5|   0|    5|          0|
    |i70_0_reg_1892            |    6|   0|    6|          0|
    |i71_0_reg_1932            |    6|   0|    6|          0|
    |i72_0_reg_1943            |    7|   0|    7|          0|
    |i74_0_in_reg_1967         |    7|   0|    7|          0|
    |i75_0_reg_2047            |    5|   0|    5|          0|
    |i77_0_reg_2058            |    4|   0|    4|          0|
    |i78_0_in_reg_2070         |   32|   0|   32|          0|
    |i87_0_reg_2113            |    5|   0|    5|          0|
    |i94_0_reg_2173            |    6|   0|    6|          0|
    |i9_0_reg_2634             |    6|   0|    6|          0|
    |i_0_reg_1457              |   31|   0|   31|          0|
    |i_2_reg_7048              |    5|   0|    5|          0|
    |i_38_reg_8363             |   28|   0|   28|          0|
    |i_40_reg_7198             |   28|   0|   28|          0|
    |i_42_reg_7821             |    4|   0|    4|          0|
    |i_44_reg_8430             |    5|   0|    5|          0|
    |i_45_reg_7276             |    5|   0|    5|          0|
    |i_46_reg_8515             |    6|   0|    6|          0|
    |i_47_reg_7361             |    6|   0|    6|          0|
    |i_48_reg_7896             |    5|   0|    5|          0|
    |i_49_reg_7976             |    6|   0|    6|          0|
    |i_53_reg_8570             |    7|   0|    7|          0|
    |i_54_reg_7416             |    7|   0|    7|          0|
    |i_57_reg_8216             |    5|   0|    5|          0|
    |i_58_reg_8078             |    4|   0|    4|          0|
    |i_59_reg_8173             |    6|   0|    6|          0|
    |i_60_reg_8259             |    6|   0|    6|          0|
    |i_61_reg_8824             |    5|   0|    5|          0|
    |i_62_reg_7670             |    5|   0|    5|          0|
    |i_63_reg_8682             |    4|   0|    4|          0|
    |i_64_reg_7528             |    4|   0|    4|          0|
    |i_66_reg_8777             |    7|   0|    7|          0|
    |i_67_reg_7623             |    7|   0|    7|          0|
    |i_68_reg_8314             |    7|   0|    7|          0|
    |i_69_reg_8867             |    6|   0|    6|          0|
    |i_70_reg_7713             |    6|   0|    6|          0|
    |i_73_reg_8927             |    7|   0|    7|          0|
    |i_74_reg_7773             |    7|   0|    7|          0|
    |i_75_reg_8345             |    5|   0|    5|          0|
    |i_76_reg_9003             |    5|   0|    5|          0|
    |i_77_reg_8957             |    5|   0|    5|          0|
    |i_78_reg_7803             |    5|   0|    5|          0|
    |icmp_ln107_reg_8445       |    1|   0|    1|          0|
    |icmp_ln149_reg_8562       |    1|   0|    1|          0|
    |icmp_ln152_reg_8566       |    1|   0|    1|          0|
    |icmp_ln156_reg_8575       |    1|   0|    1|          0|
    |icmp_ln185_reg_8617       |    1|   0|    1|          0|
    |icmp_ln195_reg_8640       |    1|   0|    1|          0|
    |icmp_ln226_reg_8751       |    1|   0|    1|          0|
    |icmp_ln240_reg_8692       |    1|   0|    1|          0|
    |icmp_ln284_reg_8919       |    1|   0|    1|          0|
    |icmp_ln287_reg_8923       |    1|   0|    1|          0|
    |icmp_ln376_reg_7327       |    1|   0|    1|          0|
    |icmp_ln390_reg_7291       |    1|   0|    1|          0|
    |icmp_ln433_reg_7408       |    1|   0|    1|          0|
    |icmp_ln436_reg_7412       |    1|   0|    1|          0|
    |icmp_ln440_reg_7421       |    1|   0|    1|          0|
    |icmp_ln469_reg_7463       |    1|   0|    1|          0|
    |icmp_ln476_reg_7486       |    1|   0|    1|          0|
    |icmp_ln48_reg_7152        |    1|   0|    1|          0|
    |icmp_ln507_reg_7597       |    1|   0|    1|          0|
    |icmp_ln521_reg_7538       |    1|   0|    1|          0|
    |icmp_ln565_reg_7765       |    1|   0|    1|          0|
    |icmp_ln568_reg_7769       |    1|   0|    1|          0|
    |icmp_ln656_reg_7947       |    1|   0|    1|          0|
    |icmp_ln670_reg_7911       |    1|   0|    1|          0|
    |icmp_ln711_reg_8013       |    1|   0|    1|          0|
    |icmp_ln720_reg_8036       |    1|   0|    1|          0|
    |icmp_ln751_reg_8147       |    1|   0|    1|          0|
    |icmp_ln765_reg_8088       |    1|   0|    1|          0|
    |icmp_ln809_reg_8306       |    1|   0|    1|          0|
    |icmp_ln812_reg_8310       |    1|   0|    1|          0|
    |icmp_ln831_reg_8338       |    1|   0|    1|          0|
    |icmp_ln93_reg_8481        |    1|   0|    1|          0|
    |j110_0_reg_2276           |    5|   0|    5|          0|
    |j120_0_reg_3050           |    5|   0|    5|          0|
    |j21_0_reg_2834            |    5|   0|    5|          0|
    |j32_0_reg_1524            |    5|   0|    5|          0|
    |j36_0_reg_1548            |    5|   0|    5|          0|
    |j43_0_reg_1618            |    5|   0|    5|          0|
    |j5_0_reg_2516             |    5|   0|    5|          0|
    |j67_0_reg_1831            |    5|   0|    5|          0|
    |j7_0_reg_2598             |    5|   0|    5|          0|
    |j82_0_reg_2079            |    5|   0|    5|          0|
    |j89_0_reg_2125            |    5|   0|    5|          0|
    |j_0_reg_2504              |    5|   0|    5|          0|
    |j_10_reg_7561             |    5|   0|    5|          0|
    |j_11_reg_8975             |    5|   0|    5|          0|
    |j_1_reg_7222              |    5|   0|    5|          0|
    |j_2_reg_8389              |    5|   0|    5|          0|
    |j_3_reg_7235              |    5|   0|    5|          0|
    |j_4_reg_7842              |    5|   0|    5|          0|
    |j_5_reg_8458              |    5|   0|    5|          0|
    |j_6_reg_7304              |    5|   0|    5|          0|
    |j_7_reg_7924              |    5|   0|    5|          0|
    |j_8_reg_8111              |    5|   0|    5|          0|
    |j_9_reg_8715              |    5|   0|    5|          0|
    |j_reg_8376                |    5|   0|    5|          0|
    |k104_0_reg_2231           |    6|   0|    6|          0|
    |k107_0_reg_2242           |    4|   0|    4|          0|
    |k16_0_reg_2766            |    6|   0|    6|          0|
    |k18_0_reg_2777            |    4|   0|    4|          0|
    |k40_0_reg_1559            |    6|   0|    6|          0|
    |k61_0_reg_1786            |    6|   0|    6|          0|
    |k64_0_reg_1797            |    4|   0|    4|          0|
    |k86_0_reg_2102            |    6|   0|    6|          0|
    |k_0_reg_2539              |    6|   0|    6|          0|
    |mulCarry109_0_reg_2288    |   18|   0|   18|          0|
    |mulCarry109_2_reg_2311    |   18|   0|   18|          0|
    |mulCarry20_0_reg_2823     |   18|   0|   18|          0|
    |mulCarry20_2_reg_2846     |   18|   0|   18|          0|
    |mulCarry42_0_reg_1606     |    8|   0|    8|          0|
    |mulCarry42_2_reg_1630     |    8|   0|    8|          0|
    |mulCarry66_0_reg_1843     |   18|   0|   18|          0|
    |mulCarry66_2_reg_1866     |   18|   0|   18|          0|
    |mulCarry88_0_reg_2137     |    8|   0|    8|          0|
    |mulCarry88_2_reg_2149     |    8|   0|    8|          0|
    |mulCarry_0_reg_2574       |    8|   0|    8|          0|
    |mulCarry_2_reg_2610       |    8|   0|    8|          0|
    |mul_1_addr_3_reg_7296     |    6|   0|    6|          0|
    |mul_1_addr_4_reg_7335     |    5|   0|    6|          1|
    |mul_2_addr_3_reg_7916     |    6|   0|    6|          0|
    |mul_2_addr_4_reg_7955     |    5|   0|    6|          1|
    |mul_addr_3_reg_8450       |    6|   0|    6|          0|
    |mul_addr_4_reg_8489       |    5|   0|    6|          1|
    |or_ln240_1_reg_8770       |    1|   0|    1|          0|
    |or_ln521_1_reg_7616       |    1|   0|    1|          0|
    |or_ln765_1_reg_8166       |    1|   0|    1|          0|
    |p_pn194_reg_2368          |   32|   0|   32|          0|
    |p_pn196_reg_1903          |   32|   0|   32|          0|
    |p_pn198_reg_1923          |   32|   0|   32|          0|
    |p_pn200_reg_2883          |   32|   0|   32|          0|
    |p_pn202_reg_2903          |   32|   0|   32|          0|
    |p_pn_reg_2348             |   32|   0|   32|          0|
    |phi_ln46_reg_1490         |    5|   0|    5|          0|
    |select_ln232_reg_8764     |    8|   0|    8|          0|
    |select_ln369_reg_7320     |    8|   0|    8|          0|
    |select_ln49_reg_7166      |   29|   0|   29|          0|
    |select_ln513_reg_7610     |    8|   0|    8|          0|
    |select_ln603_reg_7208     |   32|   0|   32|          0|
    |select_ln649_reg_7940     |    8|   0|    8|          0|
    |select_ln757_reg_8160     |    8|   0|    8|          0|
    |select_ln86_reg_8474      |    8|   0|    8|          0|
    |sext_ln217_reg_8707       |   24|   0|   24|          0|
    |sext_ln240_reg_8697       |   17|   0|   17|          0|
    |sext_ln498_reg_7553       |   24|   0|   24|          0|
    |sext_ln521_reg_7543       |   17|   0|   17|          0|
    |sext_ln742_reg_8103       |   24|   0|   24|          0|
    |sext_ln765_reg_8093       |   17|   0|   17|          0|
    |shl_ln1_reg_7203          |   28|   0|   32|          4|
    |shl_ln_reg_8368           |   28|   0|   32|          4|
    |sub_ln191_reg_8625        |    7|   0|    7|          0|
    |sub_ln210_reg_8644        |    7|   0|    7|          0|
    |sub_ln240_reg_8658        |    7|   0|    7|          0|
    |sub_ln472_reg_7471        |    7|   0|    7|          0|
    |sub_ln491_reg_7490        |    7|   0|    7|          0|
    |sub_ln49_reg_7161         |   32|   0|   32|          0|
    |sub_ln521_reg_7504        |    7|   0|    7|          0|
    |sub_ln716_reg_8021        |    7|   0|    7|          0|
    |sub_ln735_reg_8040        |    6|   0|    6|          0|
    |sub_ln765_reg_8054        |    6|   0|    6|          0|
    |temp_1_addr_2_reg_7548    |    6|   0|    6|          0|
    |temp_1_addr_3_reg_7605    |    5|   0|    6|          1|
    |temp_1_addr_4_reg_7509    |    6|   0|    6|          0|
    |temp_1_load_reg_7649      |   32|   0|   32|          0|
    |temp_2_addr_2_reg_8098    |    6|   0|    6|          0|
    |temp_2_addr_3_reg_8155    |    5|   0|    6|          1|
    |temp_2_addr_4_reg_8059    |    6|   0|    6|          0|
    |temp_2_load_reg_8195      |   32|   0|   32|          0|
    |temp_addr_2_reg_8702      |    6|   0|    6|          0|
    |temp_addr_3_reg_8759      |    5|   0|    6|          1|
    |temp_addr_4_reg_8663      |    6|   0|    6|          0|
    |temp_load_reg_8803        |   32|   0|   32|          0|
    |textLength_0_reg_1434     |   32|   0|   32|          0|
    |tmp_11_reg_8530           |    1|   0|    1|          0|
    |tmp_12_reg_7376           |    1|   0|    1|          0|
    |tmp_16_reg_7991           |    1|   0|    1|          0|
    |tmp_18_reg_8017           |    1|   0|    1|          0|
    |tmp_19_reg_8595           |    1|   0|    1|          0|
    |tmp_1_reg_7156            |    1|   0|    1|          0|
    |tmp_20_reg_7441           |    1|   0|    1|          0|
    |tmp_21_reg_8621           |    1|   0|    1|          0|
    |tmp_22_reg_7467           |    1|   0|    1|          0|
    |tmp_23_reg_8132           |   18|   0|   18|          0|
    |tmp_25_reg_8270           |    1|   0|    1|          0|
    |tmp_26_reg_8279           |    1|   0|    1|          0|
    |tmp_27_reg_8736           |   18|   0|   18|          0|
    |tmp_28_reg_7582           |   18|   0|   18|          0|
    |tmp_2_reg_7129            |    6|   0|    6|          0|
    |tmp_31_reg_8878           |    1|   0|    1|          0|
    |tmp_32_reg_7724           |    1|   0|    1|          0|
    |tmp_33_reg_8887           |    1|   0|    1|          0|
    |tmp_34_reg_7733           |    1|   0|    1|          0|
    |tmp_3_reg_7139            |    6|   0|    6|          0|
    |tmp_last_V_1_reg_9013     |    1|   0|    1|          0|
    |tmp_reg_7124              |    6|   0|    6|          0|
    |trunc_ln218_1_reg_8725    |    8|   0|    8|          0|
    |trunc_ln247_reg_8782      |    6|   0|    6|          0|
    |trunc_ln368_reg_7314      |    8|   0|    8|          0|
    |trunc_ln37_reg_7080       |    4|   0|    4|          0|
    |trunc_ln38_reg_7085       |    4|   0|    4|          0|
    |trunc_ln39_reg_7102       |    4|   0|    4|          0|
    |trunc_ln3_reg_8137        |   18|   0|   18|          0|
    |trunc_ln40_reg_7107       |    4|   0|    4|          0|
    |trunc_ln499_1_reg_7571    |    8|   0|    8|          0|
    |trunc_ln4_reg_8741        |   18|   0|   18|          0|
    |trunc_ln528_reg_7628      |    6|   0|    6|          0|
    |trunc_ln5_reg_7587        |   18|   0|   18|          0|
    |trunc_ln604_reg_7214      |    5|   0|    5|          0|
    |trunc_ln648_reg_7934      |    8|   0|    8|          0|
    |trunc_ln743_1_reg_8121    |    8|   0|    8|          0|
    |trunc_ln85_reg_8468       |    8|   0|    8|          0|
    |trunc_ln9_reg_7023        |    4|   0|    4|          0|
    |zext_ln123_1_reg_8520     |    6|   0|   64|         58|
    |zext_ln135_reg_8552       |    6|   0|    7|          1|
    |zext_ln197_1_reg_8846     |    8|   0|   32|         24|
    |zext_ln215_1_reg_8674     |    4|   0|    6|          2|
    |zext_ln215_reg_8669       |    4|   0|    5|          1|
    |zext_ln270_reg_8909       |    6|   0|    7|          1|
    |zext_ln314_reg_8962       |    5|   0|   64|         59|
    |zext_ln32_reg_7053        |    5|   0|   64|         59|
    |zext_ln342_reg_7240       |    5|   0|   64|         59|
    |zext_ln365_reg_7268       |    5|   0|    6|          1|
    |zext_ln368_reg_7286       |    8|   0|   16|          8|
    |zext_ln382_reg_7345       |    2|   0|    8|          6|
    |zext_ln407_1_reg_7366     |    6|   0|   64|         58|
    |zext_ln419_reg_7398       |    6|   0|    7|          1|
    |zext_ln478_1_reg_7692     |    8|   0|   32|         24|
    |zext_ln496_1_reg_7520     |    4|   0|    6|          2|
    |zext_ln496_reg_7515       |    4|   0|    5|          1|
    |zext_ln551_reg_7755       |    6|   0|    7|          1|
    |zext_ln594_reg_7808       |    5|   0|   64|         59|
    |zext_ln623_reg_7847       |    5|   0|   64|         59|
    |zext_ln645_reg_7888       |    5|   0|    6|          1|
    |zext_ln648_reg_7906       |    8|   0|   16|          8|
    |zext_ln662_reg_7965       |    2|   0|    8|          6|
    |zext_ln66_reg_8394        |    5|   0|   64|         59|
    |zext_ln685_1_reg_7981     |    6|   0|   64|         58|
    |zext_ln722_1_reg_8238     |    8|   0|   32|         24|
    |zext_ln740_1_reg_8070     |    4|   0|    6|          2|
    |zext_ln740_reg_8065       |    4|   0|    5|          1|
    |zext_ln82_reg_8422        |    5|   0|    6|          1|
    |zext_ln839_reg_8350       |    5|   0|   64|         59|
    |zext_ln852_reg_8980       |    5|   0|   64|         59|
    |zext_ln85_reg_8440        |    8|   0|   16|          8|
    |zext_ln99_reg_8499        |    2|   0|    8|          6|
    +--------------------------+-----+----+-----+-----------+
    |Total                     | 3480|   0| 4282|        802|
    +--------------------------+-----+----+-----+-----------+



================================================================
== Interface
================================================================
* Summary: 
+-------------------------------+-----+-----+------------+------------------------+--------------+
|           RTL Ports           | Dir | Bits|  Protocol  |      Source Object     |    C Type    |
+-------------------------------+-----+-----+------------+------------------------+--------------+
|ap_clk                         |  in |    1| ap_ctrl_hs |       poly1305_hw      | return value |
|ap_rst                         |  in |    1| ap_ctrl_hs |       poly1305_hw      | return value |
|ap_start                       |  in |    1| ap_ctrl_hs |       poly1305_hw      | return value |
|ap_done                        | out |    1| ap_ctrl_hs |       poly1305_hw      | return value |
|ap_idle                        | out |    1| ap_ctrl_hs |       poly1305_hw      | return value |
|ap_ready                       | out |    1| ap_ctrl_hs |       poly1305_hw      | return value |
|input_stream_V_data_dout       |  in |    8|   ap_fifo  |   input_stream_V_data  |    pointer   |
|input_stream_V_data_empty_n    |  in |    1|   ap_fifo  |   input_stream_V_data  |    pointer   |
|input_stream_V_data_read       | out |    1|   ap_fifo  |   input_stream_V_data  |    pointer   |
|input_stream_V_last_V_dout     |  in |    1|   ap_fifo  |  input_stream_V_last_V |    pointer   |
|input_stream_V_last_V_empty_n  |  in |    1|   ap_fifo  |  input_stream_V_last_V |    pointer   |
|input_stream_V_last_V_read     | out |    1|   ap_fifo  |  input_stream_V_last_V |    pointer   |
|result_stream_V_data_din       | out |    8|   ap_fifo  |  result_stream_V_data  |    pointer   |
|result_stream_V_data_full_n    |  in |    1|   ap_fifo  |  result_stream_V_data  |    pointer   |
|result_stream_V_data_write     | out |    1|   ap_fifo  |  result_stream_V_data  |    pointer   |
|result_stream_V_last_V_din     | out |    1|   ap_fifo  | result_stream_V_last_V |    pointer   |
|result_stream_V_last_V_full_n  |  in |    1|   ap_fifo  | result_stream_V_last_V |    pointer   |
|result_stream_V_last_V_write   | out |    1|   ap_fifo  | result_stream_V_last_V |    pointer   |
+-------------------------------+-----+-----+------------+------------------------+--------------+

